[2026-04-22 00:13:16.875235]: Peer [1001] has the preferred neighbors [].
[2026-04-22 00:13:21.880650]: Peer [1001] has the preferred neighbors [].
[2026-04-22 00:13:23.321507]: Peer [1001] is connected from Peer [1002].
[2026-04-22 00:13:23.322079]: Peer [1001] received the 'interested' message from [1002].
[2026-04-22 00:13:26.883676]: Peer [1001] has the preferred neighbors [].
[2026-04-22 00:13:31.889994]: Peer [1001] has the preferred neighbors [].
[2026-04-22 00:13:36.377741]: Peer [1001] is connected from Peer [1002].
[2026-04-22 00:13:36.379281]: Peer [1001] received the 'interested' message from [1002].
[2026-04-22 00:13:36.890898]: Peer [1001] has the preferred neighbors [].
[2026-04-22 00:13:40.152658]: Peer [1001] is connected from Peer [1003].
[2026-04-22 00:13:40.154038]: Peer [1001] received the 'interested' message from [1003].
[2026-04-22 00:13:40.154143]: Peer [1001] is connected from Peer [1003].
[2026-04-22 00:13:40.155405]: Peer [1001] received the 'not interested' message from [1003].
[2026-04-22 00:13:41.896433]: Peer [1001] has the preferred neighbors [].
[2026-04-22 00:13:46.901937]: Peer [1001] has the preferred neighbors [].
[2026-04-22 00:13:51.907344]: Peer [1001] has the preferred neighbors [].
[2026-04-22 00:13:56.913589]: Peer [1001] has the preferred neighbors [].
[2026-04-22 00:14:01.918632]: Peer [1001] has the preferred neighbors [].
[2026-04-22 00:14:06.924521]: Peer [1001] has the preferred neighbors [].
[2026-04-22 00:14:11.927854]: Peer [1001] has the preferred neighbors [].
[2026-04-22 00:14:16.933638]: Peer [1001] has the preferred neighbors [].
[2026-04-22 00:15:28.364205]: Peer [1001] has the preferred neighbors [].
[2026-04-22 00:15:33.101611]: Peer [1001] is connected from Peer [1002].
[2026-04-22 00:15:33.102142]: Peer [1001] received the 'interested' message from [1002].
[2026-04-22 00:15:33.362924]: Peer [1001] has the optimistically unchoked neighbor [1002].
[2026-04-22 00:15:33.368764]: Peer [1001] has the preferred neighbors [1002].
[2026-04-22 00:15:34.209125]: Peer [1001] received the 'not interested' message from [1002].
[2026-04-22 00:15:36.959004]: Peer [1001] is connected from Peer [1003].
[2026-04-22 00:15:36.959729]: Peer [1001] received the 'interested' message from [1003].
[2026-04-22 00:15:38.374686]: Peer [1001] has the preferred neighbors [1003].
[2026-04-22 00:15:39.201411]: Peer [1001] received the 'not interested' message from [1003].
[2026-04-22 00:15:40.927423]: Peer [1001] is connected from Peer [1004].
[2026-04-22 00:15:40.928069]: Peer [1001] received the 'interested' message from [1004].
[2026-04-22 00:15:43.367580]: Peer [1001] has the optimistically unchoked neighbor [1004].
[2026-04-22 00:15:43.378564]: Peer [1001] has the preferred neighbors [1004].
[2026-04-22 00:15:44.222035]: Peer [1001] received the 'not interested' message from [1004].
[2026-04-22 00:15:48.384744]: Peer [1001] has the preferred neighbors [].
[2026-04-22 00:15:53.391191]: Peer [1001] has the preferred neighbors [].
[2026-04-22 00:15:58.392736]: Peer [1001] has the preferred neighbors [].
